15:34:16 **** Incremental Build of configuration Debug for project BRAM_DMA_TEST ****
make pre-build main-build 
a9-linaro-pre-build-step
' '
'Building file: ../src/dma_test.c'
'Invoking: ARM v7 gcc compiler'
arm-none-eabi-gcc -Wall -O0 -g3 -c -fmessage-length=0 -MT"src/dma_test.o" -mcpu=cortex-a9 -mfpu=vfpv3 -mfloat-abi=hard -I../../standalone_bsp_0/ps7_cortexa9_0/include -MMD -MP -MF"src/dma_test.d" -MT"src/dma_test.o" -o "src/dma_test.o" "../src/dma_test.c"
'Finished building: ../src/dma_test.c'
' '
'Building target: BRAM_DMA_TEST.elf'
'Invoking: ARM v7 gcc linker'
arm-none-eabi-gcc -mcpu=cortex-a9 -mfpu=vfpv3 -mfloat-abi=hard -Wl,-build-id=none -specs=Xilinx.spec -Wl,-T -Wl,../src/lscript.ld -L../../standalone_bsp_0/ps7_cortexa9_0/lib -o "BRAM_DMA_TEST.elf"  ./src/dma_test.o   -Wl,--start-group,-lxil,-lgcc,-lc,--end-group
'Finished building target: BRAM_DMA_TEST.elf'
' '
'Invoking: ARM v7 Print Size'
arm-none-eabi-size BRAM_DMA_TEST.elf  |tee "BRAM_DMA_TEST.elf.size"
   text	   data	    bss	    dec	    hex	filename
  40452	   2764	  25160	  68376	  10b18	BRAM_DMA_TEST.elf
'Finished building: BRAM_DMA_TEST.elf.size'
' '

15:34:19 Build Finished (took 2s.982ms)

